/home/manjua/miniconda3/lib/python3.7/site-packages/requests/__init__.py:104: RequestsDependencyWarning: urllib3 (1.26.8) or chardet (5.0.0)/charset_normalizer (2.0.4) doesn't match a supported version!
  RequestsDependencyWarning)
51230
0
/home/manjua/miniconda3/lib/python3.7/site-packages/requests/__init__.py:104: RequestsDependencyWarning: urllib3 (1.26.8) or chardet (5.0.0)/charset_normalizer (2.0.4) doesn't match a supported version!
  RequestsDependencyWarning)
51230
0
None
None
/home/manjua/miniconda3/lib/python3.7/site-packages/requests/__init__.py:104: RequestsDependencyWarning: urllib3 (1.26.8) or chardet (5.0.0)/charset_normalizer (2.0.4) doesn't match a supported version!
  RequestsDependencyWarning)
51230
0
<Response [200]>
None
<Response [200]>
<Response [200]>
None
<Response [200]>
/home/manjua/miniconda3/lib/python3.7/site-packages/requests/__init__.py:104: RequestsDependencyWarning: urllib3 (1.26.8) or chardet (5.0.0)/charset_normalizer (2.0.4) doesn't match a supported version!
  RequestsDependencyWarning)
51230
0
[]

None
[]

[]

None
{"message": "Internal Server Error"}

/home/manjua/miniconda3/lib/python3.7/site-packages/requests/__init__.py:104: RequestsDependencyWarning: urllib3 (1.26.8) or chardet (5.0.0)/charset_normalizer (2.0.4) doesn't match a supported version!
  RequestsDependencyWarning)
51230
0
<class 'str'>
None
[]

<class 'str'>
None
{"message": "Internal Server Error"}

/home/manjua/miniconda3/lib/python3.7/site-packages/requests/__init__.py:104: RequestsDependencyWarning: urllib3 (1.26.8) or chardet (5.0.0)/charset_normalizer (2.0.4) doesn't match a supported version!
  RequestsDependencyWarning)
51230
0
/home/manjua/miniconda3/lib/python3.7/site-packages/requests/__init__.py:104: RequestsDependencyWarning: urllib3 (1.26.8) or chardet (5.0.0)/charset_normalizer (2.0.4) doesn't match a supported version!
  RequestsDependencyWarning)
51231
0
/home/manjua/miniconda3/lib/python3.7/site-packages/requests/__init__.py:104: RequestsDependencyWarning: urllib3 (1.26.8) or chardet (5.0.0)/charset_normalizer (2.0.4) doesn't match a supported version!
  RequestsDependencyWarning)
51231
0
Traceback (most recent call last):
  File "/home/manjua/KSFinder_github/textmine/src/literature_search.py", line 62, in perform_search
    result =  self._parse_response(response,kinase_names,substrate_names)
  File "/home/manjua/KSFinder_github/textmine/src/literature_search.py", line 39, in _parse_response
    res_kinase = res['KINASE']
TypeError: string indices must be integers

During handling of the above exception, another exception occurred:

Traceback (most recent call last):
  File "main.py", line 10, in <module>
    process()
  File "main.py", line 8, in process
    predictions.search_literature()
  File "/home/manjua/KSFinder_github/textmine/src/literature_search.py", line 116, in search_literature
    result = text_mine.perform_search(query, kinase_nm, substrate_nm) 
  File "/home/manjua/KSFinder_github/textmine/src/literature_search.py", line 64, in perform_search
    raise APIResponseError(response.status_code,'PMC',query)
  File "/home/manjua/KSFinder_github/textmine/src/literature_search.py", line 21, in __init__
    self.message = 'Error::Response Code:'+response_code+'Source:'+source+' Query:'+query
TypeError: can only concatenate str (not "int") to str
/home/manjua/miniconda3/lib/python3.7/site-packages/requests/__init__.py:104: RequestsDependencyWarning: urllib3 (1.26.8) or chardet (5.0.0)/charset_normalizer (2.0.4) doesn't match a supported version!
  RequestsDependencyWarning)
51231
0
/home/manjua/miniconda3/lib/python3.7/site-packages/requests/__init__.py:104: RequestsDependencyWarning: urllib3 (1.26.8) or chardet (5.0.0)/charset_normalizer (2.0.4) doesn't match a supported version!
  RequestsDependencyWarning)
51231
0
https://research.bioinformatics.udel.edu/itextmine/api/search/query/rlims/pmc/(MARK1 OR KIAA1477 OR MARK) AND (DCX OR DBCN OR LISX)
https://research.bioinformatics.udel.edu/itextmine/api/search/query/rlims/pmc/(NEK11) AND (FGFR1 OR BFGFR OR CEK OR FGFBR OR FLG OR FLT2 OR HBGFR)
https://research.bioinformatics.udel.edu/itextmine/api/search/query/rlims/pmc/(NEK11) AND (ARAP1 OR CENTD2 OR KIAA0782)
https://research.bioinformatics.udel.edu/itextmine/api/search/query/rlims/pmc/(NEK11) AND (PTPN7)
https://research.bioinformatics.udel.edu/itextmine/api/search/query/rlims/pmc/(NEK11) AND (DUSP10 OR MKP5)
https://research.bioinformatics.udel.edu/itextmine/api/search/query/rlims/pmc/(NEK11) AND (RDX)
https://research.bioinformatics.udel.edu/itextmine/api/search/query/rlims/pmc/(NEK11) AND (KARS1 OR KARS OR KIAA0070)
https://research.bioinformatics.udel.edu/itextmine/api/search/query/rlims/pmc/(NEK11) AND (PTPN2 OR PTPT)
https://research.bioinformatics.udel.edu/itextmine/api/search/query/rlims/pmc/(NEK11) AND (CORO7)
https://research.bioinformatics.udel.edu/itextmine/api/search/query/rlims/pmc/(NEK11) AND (AEBP1 OR ACLP)
/home/manjua/miniconda3/lib/python3.7/site-packages/requests/__init__.py:104: RequestsDependencyWarning: urllib3 (1.26.8) or chardet (5.0.0)/charset_normalizer (2.0.4) doesn't match a supported version!
  RequestsDependencyWarning)
51231
0
https://research.bioinformatics.udel.edu/itextmine/api/search/query/rlims/pmc/(NEK11) AND (ARAP1 OR CENTD2 OR KIAA0782)
https://research.bioinformatics.udel.edu/itextmine/api/search/query/rlims/pmc/(NEK11) AND (ARAP1 OR CENTD2 OR KIAA0782)
https://research.bioinformatics.udel.edu/itextmine/api/search/query/rlims/pmc/(NEK11) AND (ARAP1 OR CENTD2 OR KIAA0782)
https://research.bioinformatics.udel.edu/itextmine/api/search/query/rlims/pmc/(NEK11) AND (ARAP1 OR CENTD2 OR KIAA0782)
https://research.bioinformatics.udel.edu/itextmine/api/search/query/rlims/pmc/(NEK11) AND (ARAP1 OR CENTD2 OR KIAA0782)
https://research.bioinformatics.udel.edu/itextmine/api/search/query/rlims/pmc/(NEK11) AND (ARAP1 OR CENTD2 OR KIAA0782)
https://research.bioinformatics.udel.edu/itextmine/api/search/query/rlims/pmc/(NEK11) AND (ARAP1 OR CENTD2 OR KIAA0782)
https://research.bioinformatics.udel.edu/itextmine/api/search/query/rlims/pmc/(NEK11) AND (ARAP1 OR CENTD2 OR KIAA0782)
https://research.bioinformatics.udel.edu/itextmine/api/search/query/rlims/pmc/(NEK11) AND (ARAP1 OR CENTD2 OR KIAA0782)
https://research.bioinformatics.udel.edu/itextmine/api/search/query/rlims/pmc/(NEK11) AND (ARAP1 OR CENTD2 OR KIAA0782)
/home/manjua/miniconda3/lib/python3.7/site-packages/requests/__init__.py:104: RequestsDependencyWarning: urllib3 (1.26.8) or chardet (5.0.0)/charset_normalizer (2.0.4) doesn't match a supported version!
  RequestsDependencyWarning)
51231
0
https://research.bioinformatics.udel.edu/itextmine/api/search/query/rlims/pmc/(NEK11) AND (ARAP1 OR CENTD2 OR KIAA0782)
https://research.bioinformatics.udel.edu/itextmine/api/search/query/rlims/pmc/(NEK11) AND (ARAP1 OR CENTD2 OR KIAA0782)
https://research.bioinformatics.udel.edu/itextmine/api/search/query/rlims/pmc/(NEK11) AND (ARAP1 OR CENTD2 OR KIAA0782)
https://research.bioinformatics.udel.edu/itextmine/api/search/query/rlims/pmc/(NEK11) AND (ARAP1 OR CENTD2 OR KIAA0782)
https://research.bioinformatics.udel.edu/itextmine/api/search/query/rlims/pmc/(NEK11) AND (ARAP1 OR CENTD2 OR KIAA0782)
https://research.bioinformatics.udel.edu/itextmine/api/search/query/rlims/pmc/(NEK11) AND (ARAP1 OR CENTD2 OR KIAA0782)
https://research.bioinformatics.udel.edu/itextmine/api/search/query/rlims/pmc/(NEK11) AND (ARAP1 OR CENTD2 OR KIAA0782)
https://research.bioinformatics.udel.edu/itextmine/api/search/query/rlims/pmc/(NEK11) AND (ARAP1 OR CENTD2 OR KIAA0782)
https://research.bioinformatics.udel.edu/itextmine/api/search/query/rlims/pmc/(NEK11) AND (ARAP1 OR CENTD2 OR KIAA0782)
https://research.bioinformatics.udel.edu/itextmine/api/search/query/rlims/pmc/(NEK11) AND (ARAP1 OR CENTD2 OR KIAA0782)
/home/manjua/miniconda3/lib/python3.7/site-packages/requests/__init__.py:104: RequestsDependencyWarning: urllib3 (1.26.8) or chardet (5.0.0)/charset_normalizer (2.0.4) doesn't match a supported version!
  RequestsDependencyWarning)
51231
0
https://research.bioinformatics.udel.edu/itextmine/api/search/query/rlims/pmc/(MARK1 OR KIAA1477 OR MARK) AND (DCX OR DBCN OR LISX)
https://research.bioinformatics.udel.edu/itextmine/api/search/query/rlims/pmc/(NEK11) AND (FGFR1 OR BFGFR OR CEK OR FGFBR OR FLG OR FLT2 OR HBGFR)
https://research.bioinformatics.udel.edu/itextmine/api/search/query/rlims/pmc/(NEK11) AND (ARAP1 OR CENTD2 OR KIAA0782)
https://research.bioinformatics.udel.edu/itextmine/api/search/query/rlims/pmc/(NEK11) AND (PTPN7)
https://research.bioinformatics.udel.edu/itextmine/api/search/query/rlims/pmc/(NEK11) AND (DUSP10 OR MKP5)
https://research.bioinformatics.udel.edu/itextmine/api/search/query/rlims/pmc/(NEK11) AND (RDX)
https://research.bioinformatics.udel.edu/itextmine/api/search/query/rlims/pmc/(NEK11) AND (KARS1 OR KARS OR KIAA0070)
https://research.bioinformatics.udel.edu/itextmine/api/search/query/rlims/pmc/(NEK11) AND (PTPN2 OR PTPT)
https://research.bioinformatics.udel.edu/itextmine/api/search/query/rlims/pmc/(NEK11) AND (CORO7)
https://research.bioinformatics.udel.edu/itextmine/api/search/query/rlims/pmc/(NEK11) AND (AEBP1 OR ACLP)
https://research.bioinformatics.udel.edu/itextmine/api/search/query/rlims/pmc/(NEK11) AND (KCNJ1 OR ROMK1)
https://research.bioinformatics.udel.edu/itextmine/api/search/query/rlims/pmc/(NEK11) AND (CASKIN1 OR KIAA1306)
https://research.bioinformatics.udel.edu/itextmine/api/search/query/rlims/pmc/(NEK11) AND (MYL12A OR MLCB OR MRLC3 OR RLC)
https://research.bioinformatics.udel.edu/itextmine/api/search/query/rlims/pmc/(NEK11) AND (LRRC7 OR KIAA1365 OR LAP1)
https://research.bioinformatics.udel.edu/itextmine/api/search/query/rlims/pmc/(NEK11) AND (ARHGEF16 OR EPHEXIN4 OR NBR)
https://research.bioinformatics.udel.edu/itextmine/api/search/query/rlims/pmc/(NEK11) AND (PGK1 OR PGKA OR MIG10 OR OK/SW-cl.110)
https://research.bioinformatics.udel.edu/itextmine/api/search/query/rlims/pmc/(NEK11) AND (GIT2 OR KIAA0148)
https://research.bioinformatics.udel.edu/itextmine/api/search/query/rlims/pmc/(NEK11) AND (CACNA1B OR CACH5 OR CACNL1A5)
https://research.bioinformatics.udel.edu/itextmine/api/search/query/rlims/pmc/(NEK11) AND (PLEC OR PLEC1)
https://research.bioinformatics.udel.edu/itextmine/api/search/query/rlims/pmc/(NEK11) AND (EFNB2 OR EPLG5 OR HTKL OR LERK5)
/home/manjua/miniconda3/lib/python3.7/site-packages/requests/__init__.py:104: RequestsDependencyWarning: urllib3 (1.26.8) or chardet (5.0.0)/charset_normalizer (2.0.4) doesn't match a supported version!
  RequestsDependencyWarning)
51230
0
100
200
300
400
500
600
700
800
900
1000
1100
1200
1300
1400
1500
1600
1700
1800
1900
2000
2100
2200
2300
2400
2500
2600
2700
2800
2900
3000
3100
3200
3300
3400
3500
3600
3700
3800
3900
4000
4100
4200
4300
4400
4500
4600
4700
4800
4900
5000
5100
5200
5300
5400
5500
5600
5700
5800
5900
6000
6100
6200
6300
6400
6500
6600
6700
6800
6900
7000
7100
7200
7300
7400
7500
7600
7700
7800
7900
8000
8100
8200
8300
8400
8500
8600
8700
8800
8900
9000
9100
9200
9300
9400
9500
9600
9700
9800
9900
10000
10100
10200
10300
10400
10500
10600
10700
10800
10900
11000
11100
11200
11300
11400
11500
11600
11700
11800
11900
12000
12100
12200
12300
12400
12500
12600
12700
12800
12900
13000
13100
13200
13300
13400
13500
13600
13700
13800
13900
14000
14100
14200
14300
14400
14500
14600
14700
14800
14900
15000
15100
15200
15300
15400
15500
15600
15700
15800
15900
16000
16100
16200
16300
16400
16500
16600
16700
16800
16900
17000
17100
17200
17300
17400
17500
17600
17700
17800
17900
18000
18100
18200
18300
18400
18500
18600
18700
18800
18900
19000
19100
19200
19300
19400
19500
19600
19700
19800
19900
20000
20100
20200
20300
20400
20500
20600
20700
20800
20900
21000
21100
21200
21300
21400
21500
21600
21700
21800
21900
22000
22100
22200
22300
22400
22500
22600
22700
22800
22900
23000
23100
23200
23300
23400
23500
23600
23700
23800
23900
24000
24100
24200
24300
24400
24500
24600
24700
24800
24900
25000
25100
25200
25300
25400
25500
25600
25700
25800
25900
26000
26100
26200
26300
26400
26500
26600
26700
26800
26900
27000
27100
27200
27300
27400
27500
27600
27700
27800
27900
28000
28100
28200
28300
28400
28500
28600
28700
28800
28900
29000
29100
29200
29300
29400
29500
29600
29700
29800
29900
30000
30100
30200
30300
30400
30500
30600
30700
30800
30900
31000
31100
31200
31300
31400
31500
31600
31700
31800
31900
32000
32100
32200
32300
32400
32500
32600
32700
32800
32900
33000
33100
33200
33300
33400
33500
33600
33700
33800
33900
34000
34100
34200
34300
34400
34500
34600
34700
34800
34900
35000
35100
35200
35300
35400
35500
35600
35700
35800
35900
36000
36100
36200
36300
36400
36500
36600
36700
36800
36900
37000
37100
37200
37300
37400
37500
37600
37700
37800
37900
38000
38100
38200
38300
38400
38500
38600
38700
38800
38900
39000
39100
39200
39300
39400
39500
39600
39700
39800
39900
40000
40100
40200
40300
40400
40500
40600
40700
40800
40900
41000
41100
41200
41300
41400
41500
41600
41700
41800
41900
42000
42100
42200
42300
42400
42500
42600
42700
42800
42900
43000
43100
43200
43300
43400
43500
43600
43700
43800
43900
44000
44100
44200
44300
44400
44500
44600
44700
44800
44900
45000
45100
45200
45300
45400
45500
45600
45700
45800
45900
46000
46100
46200
46300
46400
46500
46600
46700
46800
46900
47000
47100
47200
47300
47400
47500
47600
47700
47800
47900
48000
48100
48200
48300
48400
48500
48600
48700
48800
48900
49000
49100
49200
49300
49400
49500
49600
49700
49800
49900
50000
50100
50200
50300
50400
50500
50600
50700
50800
50900
51000
51100
51200
27968
0
100
200
300
400
500
600
700
800
900
1000
1100
1200
1300
1400
1500
1600
1700
1800
1900
2000
2100
2200
2300
2400
2500
2600
2700
2800
2900
3000
3100
3200
3300
3400
3500
3600
3700
3800
3900
4000
4100
4200
4300
4400
4500
4600
4700
4800
4900
5000
5100
5200
5300
5400
5500
5600
5700
5800
5900
6000
6100
6200
6300
6400
6500
6600
6700
6800
6900
7000
7100
7200
7300
7400
7500
7600
7700
7800
7900
8000
8100
8200
8300
8400
8500
8600
8700
8800
8900
9000
9100
9200
9300
9400
9500
9600
9700
9800
9900
10000
10100
10200
10300
10400
10500
10600
10700
10800
10900
11000
11100
11200
11300
11400
11500
11600
11700
11800
11900
12000
12100
12200
12300
12400
12500
12600
12700
12800
12900
13000
13100
13200
13300
13400
13500
13600
13700
13800
13900
14000
14100
14200
14300
14400
14500
14600
14700
14800
14900
15000
15100
15200
15300
15400
15500
15600
15700
15800
15900
16000
16100
16200
16300
16400
16500
16600
16700
16800
16900
17000
17100
17200
17300
17400
17500
17600
17700
17800
17900
18000
18100
18200
18300
18400
18500
18600
18700
18800
18900
19000
19100
19200
19300
19400
19500
19600
19700
19800
19900
20000
20100
20200
20300
20400
20500
20600
20700
20800
20900
21000
21100
21200
21300
21400
21500
21600
21700
21800
21900
22000
22100
22200
22300
22400
22500
22600
22700
22800
22900
23000
23100
23200
23300
23400
23500
23600
23700
23800
23900
24000
24100
24200
24300
24400
24500
24600
24700
24800
24900
25000
25100
25200
25300
25400
25500
25600
25700
25800
25900
26000
26100
26200
26300
26400
26500
26600
26700
26800
26900
27000
27100
27200
27300
27400
27500
27600
27700
27800
27900
/home/manjua/miniconda3/lib/python3.7/site-packages/requests/__init__.py:104: RequestsDependencyWarning: urllib3 (1.26.8) or chardet (5.0.0)/charset_normalizer (2.0.4) doesn't match a supported version!
  RequestsDependencyWarning)
20907
0
100
200
300
400
500
600
700
800
900
1000
1100
1200
1300
1400
1500
1600
1700
1800
1900
2000
2100
2200
2300
2400
2500
2600
2700
2800
2900
3000
3100
3200
3300
3400
3500
3600
3700
3800
3900
4000
4100
4200
4300
4400
4500
4600
4700
4800
4900
5000
5100
5200
5300
5400
5500
5600
5700
5800
5900
6000
6100
6200
6300
6400
6500
6600
6700
6800
6900
7000
7100
7200
7300
7400
7500
7600
7700
7800
7900
8000
8100
8200
8300
8400
8500
8600
8700
8800
8900
9000
9100
9200
9300
9400
9500
9600
9700
9800
9900
10000
10100
10200
10300
10400
10500
10600
10700
10800
10900
11000
11100
11200
11300
11400
11500
11600
11700
11800
11900
12000
12100
12200
12300
12400
12500
12600
12700
12800
12900
13000
13100
13200
13300
13400
13500
13600
13700
13800
13900
14000
14100
14200
14300
14400
14500
14600
14700
14800
14900
15000
15100
15200
15300
15400
15500
15600
15700
15800
15900
16000
16100
16200
16300
16400
16500
16600
16700
16800
16900
17000
17100
17200
17300
17400
17500
17600
17700
17800
17900
18000
18100
18200
18300
18400
18500
18600
18700
18800
18900
19000
19100
19200
19300
19400
19500
19600
19700
19800
19900
20000
20100
20200
20300
20400
20500
20600
20700
20800
20900
/home/manjua/miniconda3/lib/python3.7/site-packages/requests/__init__.py:104: RequestsDependencyWarning: urllib3 (1.26.8) or chardet (5.0.0)/charset_normalizer (2.0.4) doesn't match a supported version!
  RequestsDependencyWarning)
0
100
200
300
400
500
600
700
800
900
1000
1100
1200
1300
1400
1500
1600
1700
1800
1900
2000
2100
2200
2300
2400
2500
2600
2700
2800
2900
3000
3100
3200
3300
3400
3500
3600
3700
3800
3900
4000
4100
4200
4300
4400
4500
4600
4700
4800
4900
5000
5100
5200
5300
5400
5500
5600
5700
5800
5900
6000
6100
6200
6300
6400
6500
6600
6700
6800
6900
7000
7100
7200
7300
7400
7500
7600
7700
7800
7900
8000
8100
8200
8300
8400
8500
8600
8700
8800
8900
9000
9100
9200
9300
9400
9500
9600
9700
9800
9900
10000
10100
10200
10300
10400
10500
10600
10700
10800
10900
11000
11100
11200
11300
11400
11500
11600
11700
11800
11900
12000
